.................................................................F...... [  3%]
..FF........................................................F........... [  6%]
F.................FFF.............FFF................................... [  9%]
........................................................................ [ 12%]
............................